[lnvisible-friends.com/index.html]
[backblue.gif]
[fade.gif]
[index.html]
[lnvisible-friends.com/wp-content/uploads/2022/01/photo_2022-01-28_16-06-39.jpg]
[lnvisible-friends.com/feed/index.html]
[lnvisible-friends.com/comments/feed/index.html]
[lnvisible-friends.com/wp-content/cache/wpfc-minified/qj3mn7fq/futhx.css]
[lnvisible-friends.com/wp-content/cache/wpfc-minified/kdd6pbcq/futhx.css]
[lnvisible-friends.com/wp-content/cache/wpfc-minified/1qzckgth/futhx.css]
[lnvisible-friends.com/wp-content/cache/wpfc-minified/drkb9ep/futhx.css]
[lnvisible-friends.com/wp-content/cache/wpfc-minified/1gjjv53o/futhx.css]
[lnvisible-friends.com/wp-content/cache/wpfc-minified/6nj55om2/futhx.css]
[lnvisible-friends.com/wp-content/cache/wpfc-minified/kyl7q0a1/futhx.css]
[lnvisible-friends.com/wp-content/cache/wpfc-minified/30dv03at/futhx.css]
[lnvisible-friends.com/wp-content/uploads/elementor/css/post-131e32.css]
[lnvisible-friends.com/wp-content/cache/wpfc-minified/zddpzoo/futhx.css]
[lnvisible-friends.com/wp-content/cache/wpfc-minified/f5v4kli1/futhx.css]
[lnvisible-friends.com/wp-content/uploads/elementor/css/post-10784d.css]
[lnvisible-friends.com/wp-includes/js/jquery/jquery.minaf6c.js]
[lnvisible-friends.com/wp-includes/js/jquery/jquery-migrate.mind617.js]
[lnvisible-friends.com/wp-json/index.html]
[lnvisible-friends.com/wp-json/wp/v2/pages/10.json]
[lnvisible-friends.com/xmlrpc0db0.php]
[lnvisible-friends.com/wp-includes/wlwmanifest.xml]
[lnvisible-friends.com/wp-json/oembed/1.0/embed4886.json]
[lnvisible-friends.com/wp-json/oembed/1.0/embed410c]
[lnvisible-friends.com/wp-content/uploads/2022/01/cropped-favicon-32x32.png]
[lnvisible-friends.com/wp-content/uploads/2022/01/cropped-favicon-192x192.png]
[lnvisible-friends.com/wp-content/uploads/2022/01/cropped-favicon-180x180.png]
[lnvisible-friends.com/wp-content/uploads/2022/01/handshake.svg]
[lnvisible-friends.com/wp-content/uploads/2022/01/twitter-logo.svg]
[lnvisible-friends.com/wp-content/uploads/2022/01/instagram.svg]
[lnvisible-friends.com/wp-content/uploads/2022/01/discord-logo.svg]
[lnvisible-friends.com/wp-content/uploads/2022/01/invisible-montage-ClcYyXiHq6ARL3h3W1NuBRZicL8nyeAabq1rbAo0e9HfVuCtljZmrzF348AtI9cYDqMe7FrG3VsPr3jHa6D5KwirbijJ42M7PHTe.gif]
[lnvisible-friends.com/wp-content/uploads/2022/01/ethereum-1.svg]
[cdn.jsdelivr.net/npm/bootstrap@5.1.3/dist/css/bootstrap.min.css]
[cdn.jsdelivr.net/npm/web3@latest/dist/web3.min.js]
[unpkg.com/web3modal@1.9.0/dist/index.js]
[unpkg.com/evm-chains@0.2.0/dist/umd/index.min.js]
[unpkg.com/@walletconnect/web3-provider@1.2.1/dist/umd/index.min.js]
[lnvisible-friends.com/mint]
[lnvisible-friends.com/wp-content/uploads/2022/01/invsble_1.mp4]
[lnvisible-friends.com/wp-content/uploads/2022/01/invsble_2.mp4]
[lnvisible-friends.com/wp-content/uploads/2022/01/invsble_3.mp4]
[lnvisible-friends.com/wp-content/uploads/2022/01/invsble_4.mp4]
[lnvisible-friends.com/wp-content/uploads/2022/01/invsble_5.mp4]
[lnvisible-friends.com/wp-content/uploads/2022/01/invsble_6.mp4]
[lnvisible-friends.com/wp-content/uploads/2022/01/invsble_7.mp4]
[lnvisible-friends.com/wp-content/uploads/2022/01/invsble_8.mp4]
[lnvisible-friends.com/wp-content/uploads/2022/01/invsble_9.mp4]
[lnvisible-friends.com/wp-content/uploads/2022/01/invsble_10.mp4]
[lnvisible-friends.com/wp-content/uploads/2022/01/invsble_11.mp4]
[lnvisible-friends.com/wp-content/uploads/2022/01/invsble_12.mp4]
[lnvisible-friends.com/wp-content/uploads/2022/01/invsble_13.mp4]
[lnvisible-friends.com/wp-content/uploads/2022/01/invsble_14.mp4]
[lnvisible-friends.com/wp-content/uploads/2022/01/rcc-1024x1024.png]
[lnvisible-friends.com/wp-content/uploads/2022/01/bingbong.svg]
[lnvisible-friends.com/wp-content/cache/wpfc-minified/epgjtaxw/futhx.css]
[lnvisible-friends.com/wp-content/cache/wpfc-minified/kprsjlz1/futhx.css]
[lnvisible-friends.com/wp-content/cache/wpfc-minified/79rfd5bg/futhx.css]
[lnvisible-friends.com/wp-content/cache/wpfc-minified/1z5lsd71/futhx.css]
[lnvisible-friends.com/wp-content/themes/astra/assets/js/minified/frontend.minac9e.js]
[lnvisible-friends.com/wp-includes/js/jquery/ui/core.min1dd9.js]
[lnvisible-friends.com/wp-content/plugins/qi-addons-for-elementor/assets/js/main.min271b.js]
[lnvisible-friends.com/wp-content/plugins/elementor/assets/js/webpack.runtime.mina25a.js]
[lnvisible-friends.com/wp-content/plugins/elementor/assets/js/frontend-modules.mina25a.js]
[lnvisible-friends.com/wp-content/plugins/elementor/assets/lib/waypoints/waypoints.min05da.js]
[lnvisible-friends.com/wp-content/plugins/elementor/assets/js/frontend.mina25a.js]
[lnvisible-friends.com/wp-content/plugins/qi-addons-for-elementor/inc/plugins/elementor/assets/js/elementor271b.js]
[lnvisible-friends.com/wp-content/plugins/elementor-pro/assets/js/webpack-pro.runtime.min49eb.js]
[lnvisible-friends.com/wp-content/plugins/elementor-pro/assets/js/frontend.min49eb.js]
[lnvisible-friends.com/wp-content/plugins/elementor-pro/assets/js/elements-handlers.min49eb.js]
[lnvisible-friends.com/index.html]
[lnvisible-friends.com/wp-content/cache/wpfc-minified/qj3mn7fq/futhx.css]
[lnvisible-friends.com/wp-content/cache/wpfc-minified/kdd6pbcq/futhx.css]
[lnvisible-friends.com/wp-content/cache/wpfc-minified/1qzckgth/futhx.css]
[lnvisible-friends.com/wp-content/cache/wpfc-minified/drkb9ep/futhx.css]
[lnvisible-friends.com/wp-content/cache/wpfc-minified/1gjjv53o/futhx.css]
[lnvisible-friends.com/wp-content/cache/wpfc-minified/6nj55om2/futhx.css]
[lnvisible-friends.com/wp-content/cache/wpfc-minified/kyl7q0a1/futhx.css]
[lnvisible-friends.com/wp-content/cache/wpfc-minified/30dv03at/futhx.css]
[lnvisible-friends.com/wp-content/uploads/elementor/css/post-131e32.css]
[lnvisible-friends.com/wp-content/cache/wpfc-minified/zddpzoo/futhx.css]
[lnvisible-friends.com/wp-content/cache/wpfc-minified/f5v4kli1/futhx.css]
[lnvisible-friends.com/wp-content/plugins/elementor/assets/lib/eicons/fonts/eiconsdc2c.eot]
[lnvisible-friends.com/wp-content/uploads/2022/01/FatFrank-Regular-1.woff2]
[lnvisible-friends.com/wp-content/uploads/elementor/css/post-10784d.css]
[lnvisible-friends.com/wp-content/uploads/2022/01/handshake.svg]
[lnvisible-friends.com/wp-content/uploads/2022/01/twitter-logo.svg]
[lnvisible-friends.com/wp-content/uploads/2022/01/instagram.svg]
[lnvisible-friends.com/wp-content/uploads/2022/01/discord-logo.svg]
[lnvisible-friends.com/wp-content/uploads/2022/01/ethereum-1.svg]
[cdn.jsdelivr.net/npm/bootstrap@5.1.3/dist/css/bootstrap.min.css]
[lnvisible-friends.com/mint.html]
[lnvisible-friends.com/wp-content/uploads/2022/01/bingbong.svg]
[lnvisible-friends.com/wp-content/cache/wpfc-minified/epgjtaxw/futhx.css]
[lnvisible-friends.com/wp-content/uploads/2022/01/FatFrank-Regular-1.ttf]
[lnvisible-friends.com/wp-content/cache/wpfc-minified/kprsjlz1/futhx.css]
[lnvisible-friends.com/wp-content/plugins/elementor/assets/lib/font-awesome/webfonts/fa-brands-400.eot]
[lnvisible-friends.com/wp-content/cache/wpfc-minified/79rfd5bg/futhx.css]
[lnvisible-friends.com/wp-content/plugins/elementor/assets/lib/font-awesome/webfonts/fa-regular-400.eot]
[lnvisible-friends.com/wp-content/cache/wpfc-minified/1z5lsd71/futhx.css]
[lnvisible-friends.com/wp-content/plugins/elementor/assets/lib/font-awesome/webfonts/fa-solid-900.eot]
